// Jest Snapshot v1, https://goo.gl/fbAQLP

exports[`Credits renders correctly 1`] = `ShallowWrapper {}`;
