// Jest Snapshot v1, https://goo.gl/fbAQLP

exports[`DescriptiveLoader renders correctly 1`] = `ShallowWrapper {}`;
