// Jest Snapshot v1, https://goo.gl/fbAQLP

exports[`ParticleField renders correctly 1`] = `ShallowWrapper {}`;
