// Jest Snapshot v1, https://goo.gl/fbAQLP

exports[`SocialLinksMenu renders correctly 1`] = `ShallowWrapper {}`;

exports[`SplashLinksMenu renders correctly 1`] = `ShallowWrapper {}`;
