// Jest Snapshot v1, https://goo.gl/fbAQLP

exports[`SplashLinksMenu renders correctly 1`] = `ShallowWrapper {}`;
